[0m00:16:28.316130 [debug] [MainThread]: Sending event: {'category': 'dbt', 'action': 'invocation', 'label': 'start', 'context': [<snowplow_tracker.self_describing_json.SelfDescribingJson object at 0x00000238D672DFD0>, <snowplow_tracker.self_describing_json.SelfDescribingJson object at 0x00000238D400CB90>, <snowplow_tracker.self_describing_json.SelfDescribingJson object at 0x00000238D905FC50>]}


============================== 00:16:28.320251 | f44de140-33be-423a-83e1-937cb61b7c70 ==============================
[0m00:16:28.320251 [info ] [MainThread]: Running with dbt=1.12.3
[0m00:16:28.321088 [debug] [MainThread]: running dbt with arguments {'static_parser': 'True', 'no_print': 'None', 'maximum_seed_size_mib': '1', 'warn_error_options': 'WarnErrorOptionsV2(error=[], warn=[], silence=[])', 'version_check': 'True', 'target_path': 'None', 'printer_width': '80', 'write_json': 'True', 'empty': 'None', 'log_cache_events': 'False', 'introspect': 'True', 'cache_selected_only': 'False', 'fail_fast': 'False', 'debug': 'False', 'log_format': 'default', 'profiles_dir': 'C:\\Users\\shiva\\.dbt', 'send_anonymous_usage_stats': 'True', 'quiet': 'False', 'warn_error': 'None', 'partial_parse': 'True', 'indirect_selection': 'eager', 'hints_enabled': 'True', 'invocation_command': 'dbt init . --skip-profile-setup', 'use_experimental_parser': 'False', 'use_colors': 'True', 'log_path': 'logs'}
[0m00:16:28.339905 [info ] [MainThread]: Creating dbt configuration folder at C:\Users\shiva\.dbt
[0m00:17:17.698775 [debug] [MainThread]: Starter project path: C:\Users\shiva\AppData\Local\Python\pythoncore-3.14-64\Lib\site-packages\dbt\include\starter_project
[0m00:17:17.739437 [info ] [MainThread]: Your new dbt project "utilities_operations_dbt" was created!
Initialized new project in C:\Users\shiva\Documents\utilities_operations_dbt\utilities_operations_dbt\utilities_operations_dbt

For more information on how to configure the profiles.yml file,
please consult the dbt documentation here:

  https://docs.getdbt.com/docs/configure-your-profile

One more thing:

Need help? Don't hesitate to reach out to us via GitHub issues or on Slack:

  https://community.getdbt.com/

Happy modeling!

[0m00:17:17.741046 [debug] [MainThread]: Command `dbt init` succeeded at 00:17:17.740786 after 49.71 seconds
[0m00:17:17.741591 [debug] [MainThread]: Sending event: {'category': 'dbt', 'action': 'invocation', 'label': 'end', 'context': [<snowplow_tracker.self_describing_json.SelfDescribingJson object at 0x00000238D8E93E10>, <snowplow_tracker.self_describing_json.SelfDescribingJson object at 0x00000238D910B890>, <snowplow_tracker.self_describing_json.SelfDescribingJson object at 0x00000238D909E030>]}
[0m00:17:17.742158 [debug] [MainThread]: Flushing usage events
[0m00:17:18.103493 [debug] [MainThread]: An error was encountered while trying to flush usage events
[0m13:18:21.120144 [debug] [MainThread]: Sending event: {'category': 'dbt', 'action': 'invocation', 'label': 'start', 'context': [<snowplow_tracker.self_describing_json.SelfDescribingJson object at 0x00000174DE25DFD0>, <snowplow_tracker.self_describing_json.SelfDescribingJson object at 0x00000174DBB3CB90>, <snowplow_tracker.self_describing_json.SelfDescribingJson object at 0x00000174E0C0F9D0>]}


============================== 13:18:21.124585 | f8191e16-2288-4276-9ab2-ecee07796a63 ==============================
[0m13:18:21.124585 [info ] [MainThread]: Running with dbt=1.12.3
[0m13:18:21.125016 [debug] [MainThread]: running dbt with arguments {'maximum_seed_size_mib': '1', 'no_print': 'None', 'version_check': 'True', 'warn_error_options': 'WarnErrorOptionsV2(error=[], warn=[], silence=[])', 'target_path': 'None', 'static_parser': 'True', 'printer_width': '80', 'write_json': 'True', 'empty': 'False', 'log_cache_events': 'False', 'introspect': 'True', 'cache_selected_only': 'False', 'fail_fast': 'False', 'debug': 'False', 'log_format': 'default', 'partial_parse': 'True', 'send_anonymous_usage_stats': 'True', 'quiet': 'False', 'warn_error': 'None', 'profiles_dir': 'C:\\Users\\shiva\\.dbt', 'use_colors': 'True', 'hints_enabled': 'True', 'invocation_command': 'dbt run --select stg_outages stg_workforce stg_om_spend stg_safety', 'use_experimental_parser': 'False', 'indirect_selection': 'eager', 'log_path': 'logs'}
[0m13:18:21.125368 [error] [MainThread]: [[31mERROR[0m]: Encountered an error:
Runtime Error
  No dbt_project.yml found at expected path C:\Users\shiva\Documents\utilities_operations_dbt\dbt_project.yml
  Verify that each entry within packages.yml (and their transitive dependencies) contains a file named dbt_project.yml
  
[0m13:18:21.125847 [debug] [MainThread]: Command `dbt run` failed at 13:18:21.125771 after 0.14 seconds
[0m13:18:21.126443 [debug] [MainThread]: Sending event: {'category': 'dbt', 'action': 'invocation', 'label': 'end', 'context': [<snowplow_tracker.self_describing_json.SelfDescribingJson object at 0x00000174E0B75BA0>, <snowplow_tracker.self_describing_json.SelfDescribingJson object at 0x00000174E0B9E7B0>, <snowplow_tracker.self_describing_json.SelfDescribingJson object at 0x00000174E0C0B680>]}
[0m13:18:21.126719 [debug] [MainThread]: Flushing usage events
[0m13:18:21.425354 [debug] [MainThread]: An error was encountered while trying to flush usage events
[0m15:56:02.330062 [debug] [MainThread]: Sending event: {'category': 'dbt', 'action': 'invocation', 'label': 'start', 'context': [<snowplow_tracker.self_describing_json.SelfDescribingJson object at 0x000001CE638E1E80>, <snowplow_tracker.self_describing_json.SelfDescribingJson object at 0x000001CE611BCB90>, <snowplow_tracker.self_describing_json.SelfDescribingJson object at 0x000001CE66217C50>]}


============================== 15:56:02.336044 | 01623393-1b49-490a-aa8a-be5d81874f28 ==============================
[0m15:56:02.336044 [info ] [MainThread]: Running with dbt=1.12.3
[0m15:56:02.337609 [debug] [MainThread]: running dbt with arguments {'static_parser': 'True', 'no_print': 'None', 'maximum_seed_size_mib': '1', 'warn_error_options': 'WarnErrorOptionsV2(error=[], warn=[], silence=[])', 'target_path': 'None', 'version_check': 'True', 'printer_width': '80', 'write_json': 'True', 'introspect': 'True', 'log_cache_events': 'False', 'empty': 'None', 'cache_selected_only': 'False', 'fail_fast': 'False', 'debug': 'False', 'log_format': 'default', 'partial_parse': 'True', 'send_anonymous_usage_stats': 'True', 'quiet': 'False', 'warn_error': 'None', 'profiles_dir': 'C:\\Users\\shiva\\.dbt', 'use_colors': 'True', 'hints_enabled': 'True', 'invocation_command': 'dbt debug', 'use_experimental_parser': 'False', 'indirect_selection': 'eager', 'log_path': 'logs'}
[0m15:56:02.373248 [info ] [MainThread]: dbt version: 1.12.3
[0m15:56:02.374002 [info ] [MainThread]: python version: 3.14.7
[0m15:56:02.374606 [info ] [MainThread]: python path: C:\Users\shiva\AppData\Local\Python\pythoncore-3.14-64\python.exe
[0m15:56:02.375123 [info ] [MainThread]: os info: Windows-11-10.0.26200-SP0
[0m15:56:03.295136 [debug] [MainThread]: Snowflake adapter: Setting snowflake.connector to ERROR (file logging only)
[0m15:56:03.295719 [debug] [MainThread]: Snowflake adapter: Setting botocore to ERROR (file logging only)
[0m15:56:03.296086 [debug] [MainThread]: Snowflake adapter: Setting boto3 to ERROR (file logging only)
[0m15:56:03.488759 [info ] [MainThread]: Using profiles dir at C:\Users\shiva\.dbt
[0m15:56:03.489462 [info ] [MainThread]: Using profiles.yml file at C:\Users\shiva\.dbt\profiles.yml
[0m15:56:03.490938 [info ] [MainThread]: Using dbt_project.yml file at C:\Users\shiva\Documents\utilities_operations_dbt\dbt_project.yml
[0m15:56:03.492129 [info ] [MainThread]: adapter type: snowflake
[0m15:56:03.492687 [info ] [MainThread]: adapter version: 1.12.0
[0m15:56:03.493309 [info ] [MainThread]: Configuration:
[0m15:56:03.493856 [info ] [MainThread]:   profiles.yml file [[32mOK found and valid[0m]
[0m15:56:03.494300 [info ] [MainThread]:   dbt_project.yml file [[31mERROR not found[0m]
[0m15:56:03.494698 [info ] [MainThread]: Required dependencies:
[0m15:56:03.496099 [debug] [MainThread]: Executing "git --help"
[0m15:56:03.512712 [info ] [MainThread]:  - git [[31mERROR[0m]

[0m15:56:03.513321 [info ] [MainThread]: Connection:
[0m15:56:03.513940 [info ] [MainThread]:   account: dqmbxut-dk43290
[0m15:56:03.514367 [info ] [MainThread]:   user: SHIVAARJULA6
[0m15:56:03.516298 [info ] [MainThread]:   database: UTILITIES_RAW
[0m15:56:03.516860 [info ] [MainThread]:   warehouse: COMPUTE_WH
[0m15:56:03.517473 [info ] [MainThread]:   role: ACCOUNTADMIN
[0m15:56:03.522819 [info ] [MainThread]:   schema: PUBLIC
[0m15:56:03.530321 [info ] [MainThread]:   authenticator: None
[0m15:56:03.531755 [info ] [MainThread]:   oauth_client_id: None
[0m15:56:03.532382 [info ] [MainThread]:   query_tag: None
[0m15:56:03.532808 [info ] [MainThread]:   client_session_keep_alive: False
[0m15:56:03.533167 [info ] [MainThread]:   host: None
[0m15:56:03.533496 [info ] [MainThread]:   port: None
[0m15:56:03.533803 [info ] [MainThread]:   proxy_host: None
[0m15:56:03.534121 [info ] [MainThread]:   proxy_port: None
[0m15:56:03.534413 [info ] [MainThread]:   protocol: None
[0m15:56:03.540343 [info ] [MainThread]:   connect_retries: 1
[0m15:56:03.541001 [info ] [MainThread]:   connect_timeout: None
[0m15:56:03.541488 [info ] [MainThread]:   retry_on_database_errors: False
[0m15:56:03.541911 [info ] [MainThread]:   retry_all: False
[0m15:56:03.542334 [info ] [MainThread]:   insecure_mode: False
[0m15:56:03.542855 [info ] [MainThread]:   reuse_connections: True
[0m15:56:03.543289 [info ] [MainThread]:   s3_stage_vpce_dns_name: None
[0m15:56:03.543693 [info ] [MainThread]:   workload_identity_provider: None
[0m15:56:03.544053 [info ] [MainThread]:   workload_identity_entra_resource: None
[0m15:56:03.544420 [info ] [MainThread]:   platform_detection_timeout_seconds: 0.0
[0m15:56:03.545088 [info ] [MainThread]: Registered adapter: snowflake=1.12.0
[0m15:56:03.986379 [debug] [MainThread]: Acquiring new snowflake connection 'debug'
[0m15:56:03.988373 [debug] [MainThread]: Using snowflake connection "debug"
[0m15:56:03.988648 [debug] [MainThread]: On debug: select 1 as id
[0m15:56:03.988858 [debug] [MainThread]: Opening a new connection, currently in state init
[0m15:56:04.875000 [debug] [MainThread]: SQL status: SUCCESS 1 in 0.886 seconds
[0m15:56:04.876178 [info ] [MainThread]:   Connection test: [[32mOK connection ok[0m]

[0m15:56:04.876942 [info ] [MainThread]: [31m2 checks failed:[0m
[0m15:56:04.877461 [info ] [MainThread]: Project loading failed for the following reason:
 project path <C:\Users\shiva\Documents\utilities_operations_dbt\dbt_project.yml> not found

[0m15:56:04.877862 [info ] [MainThread]: Error from git --help: Could not find command, ensure it is in the user's PATH and that the user has permissions to run it: "git"

[0m15:56:04.879053 [debug] [MainThread]: Command `dbt debug` failed at 15:56:04.878880 after 2.86 seconds
[0m15:56:04.879475 [debug] [MainThread]: Connection 'debug' was left open.
[0m15:56:04.879789 [debug] [MainThread]: On debug: Close
[0m15:56:05.096027 [debug] [MainThread]: Sending event: {'category': 'dbt', 'action': 'invocation', 'label': 'end', 'context': [<snowplow_tracker.self_describing_json.SelfDescribingJson object at 0x000001CE78161480>, <snowplow_tracker.self_describing_json.SelfDescribingJson object at 0x000001CE60F14A70>, <snowplow_tracker.self_describing_json.SelfDescribingJson object at 0x000001CE7826E030>]}
[0m15:56:05.096693 [debug] [MainThread]: Flushing usage events
[0m15:56:05.413550 [debug] [MainThread]: An error was encountered while trying to flush usage events
